// Vitest Snapshot v1, https://vitest.dev/guide/snapshot.html

exports[`renderStackList > renders managed + unmanaged + global into grouped sections 1`] = `
"pit · current tree (depth 5) + global

  ●  app-frontend          managed · v0.3.1
       claude-code     3s · 1a · inst drifted
       cursor          5 rules

  ○  app-backend           unmanaged
       /u/projects/app-backend
       claude-code     1 mcp · inst

─── global ───

  ◉  user-level            ~
       claude-code     12s · 3a · 4 cmd

legend:  ● managed   ○ unmanaged   ◉ global   └─ nested config folded into parent
         s=skills  a=agents  rules  cmd=commands  mcp  inst=instructions"
`;
